{
    "message":"requested task info is incorrect"
}