{
    "titl":"test title","description":"test description"
}