{
    "title":"duplicate test title","description":"test description"
}