{
    "title":"test title","description":"test description"
}