{
    "message":"json: cannot unmarshal number into Go struct field AddTaskReq.title of type string"
}