{
    "title":1,"description":"test description"
}