{
    "id":"f299e7ed-a22a-4494-b59e-21bb91fdae3b"
}