[
    {
        "id":"f299e7ed-a22a-4494-b59e-21bb91fdae3b","title":"test title",
        "description":"test description","status":false
    },
    {
        "id":"4d758d63-5c4f-4bef-9a80-d5837c324a07","title":"test title2",
        "description":"test description2","status":false
    }
]