{
    "message":"task specified by requested id not found"
}