{
    "message":"Key: 'UpdateTaskReq.Description' Error:Field validation for 'Description' failed on the 'required' tag"
}