{
    "desc":"update test description", "status": true
}