{
    "description":"update test description", "status": true
}