{
    "id":"6a30b9b0-18bf-47b4-bd23-d72726864def",
    "title":"test title","description":"update test description","status":true
}