{
    "message":"json: cannot unmarshal number into Go struct field UpdateTaskReq.description of type string"
}